error: Expected `ockam::Context` found `std::string::String`
 --> tests/node_test/fail_if_passed_param_is_wrong_type.rs:5:23
  |
5 | async fn my_test(ctx: std::string::String) -> ockam_core::Result<()> {}
  |                       ^^^^^^^^^^^^^^^^^^^

error[E0601]: `main` function not found in crate `$CRATE`
 --> tests/node_test/fail_if_passed_param_is_wrong_type.rs:4:1
  |
4 | / #[ockam_test_macros::node_test]
5 | | async fn my_test(ctx: std::string::String) -> ockam_core::Result<()> {}
  | |_______________________________________________________________________^ consider adding a `main` function to `$DIR/tests/node_test/fail_if_passed_param_is_wrong_type.rs`
