error: The function must have a return type
 --> $DIR/fail_if_does_not_have_return_type.rs:2:7
  |
2 | async fn my_test(ctx: &mut ockam_node::Context) {
  |       ^^

error[E0601]: `main` function not found in crate `$CRATE`
 --> $DIR/fail_if_does_not_have_return_type.rs:1:1
  |
1 | / #[ockam_test_macros::node_test]
2 | | async fn my_test(ctx: &mut ockam_node::Context) {
3 | |     ctx.address();
4 | | }
  | |_^ consider adding a `main` function to `$DIR/tests/node_test/fail_if_does_not_have_return_type.rs`
